Welcome to the Geth JavaScript console!

instance: Geth/v1.8.16-stable-477eb093/linux-amd64/go1.11
coinbase: 0x9a8193fb6d65dbdd622bab955733cdb3ba08da24
at block: 0 (Thu, 01 Jan 1970 08:00:00 HKT)
 datadir: /workspaces/users/bc/30-Ethereum-Coding-Practices/testNet
 modules: admin:1.0 clique:1.0 debug:1.0 eth:1.0 miner:1.0 net:1.0 personal:1.0 rpc:1.0 shh:1.0 txpool:1.0 web3:1.0

> caught interrupt, exiting
Welcome to the Geth JavaScript console!

instance: Geth/v1.8.16-stable-477eb093/linux-amd64/go1.11
coinbase: 0x287beb0bebee02f7f03969a1100260d05037b807
at block: 0 (Thu, 01 Jan 1970 08:00:00 HKT)
 datadir: /workspaces/users/bc/30-Ethereum-Coding-Practices/testNet
 modules: admin:1.0 clique:1.0 debug:1.0 eth:1.0 miner:1.0 net:1.0 personal:1.0 rpc:1.0 shh:1.0 txpool:1.0 web3:1.0

> caught interrupt, exiting
